"Sample","Group"
"NEG_001","Negative"
"NEG_002","Negative"
"NEG_009","Negative"
"NEG_011","Negative"
"NEG_016","Negative"
"NEG_019","Negative"
"NEG_020","Negative"
"NEG_022","Negative"
"NEG_025","Negative"
"NEG_030","Negative"
"NEG_037","Negative"
"NEG_040","Negative"
"NEG_051","Negative"
"NEG_052","Negative"
"NEG_054","Negative"
"NEG_056","Negative"
"NEG_060","Negative"
"NEG_003","Negative"
"NEG_005","Negative"
"NEG_006","Negative"
"NEG_026","Negative"
"NEG_027","Negative"
"NEG_028","Negative"
"NEG_031","Negative"
"NEG_036","Negative"
"NEG_042","Negative"
"NEG_046","Negative"
"NEG_047","Negative"
"NEG_048","Negative"
"NEG_049","Negative"
"NEG_050","Negative"
"NEG_055","Negative"
"NEG_057","Negative"
"NEG_058","Negative"
"NEG_059","Negative"
"NEG_062","Negative"
"NEG_063","Negative"
"NEG_004","Negative"
"NEG_010","Negative"
"NEG_012","Negative"
"NEG_013","Negative"
"NEG_018","Negative"
"NEG_021","Negative"
"NEG_023","Negative"
"NEG_024","Negative"
"NEG_032","Negative"
"NEG_035","Negative"
"NEG_038","Negative"
"NEG_039","Negative"
"NEG_043","Negative"
"NEG_065","Negative"
"POS_002","Positive"
"POS_007","Positive"
"POS_018","Positive"
"POS_022","Positive"
"POS_024","Positive"
"POS_025","Positive"
"POS_026","Positive"
"POS_028","Positive"
"POS_035","Positive"
"POS_040","Positive"
"POS_041","Positive"
"POS_053","Positive"
"POS_058","Positive"
"POS_059","Positive"
"POS_064","Positive"
"POS_065","Positive"
"POS_069","Positive"
"POS_080","Positive"
"POS_083","Positive"
"POS_086","Positive"
"POS_089","Positive"
"POS_093","Positive"
"POS_095","Positive"
"POS_097","Positive"
"POS_101","Positive"
"POS_115","Positive"
"POS_127","Positive"
"POS_130","Positive"
"POS_131","Positive"
"POS_133","Positive"
"POS_136","Positive"
"POS_137","Positive"
"POS_138","Positive"
"POS_150","Positive"
"POS_151","Positive"
"POS_155","Positive"
"POS_156","Positive"
"POS_158","Positive"
"POS_159","Positive"
"POS_174","Positive"
"POS_181","Positive"
"POS_187","Positive"
"POS_188","Positive"
"POS_190","Positive"
"POS_192","Positive"
"POS_195","Positive"
"POS_198","Positive"
"POS_208","Positive"
"POS_211","Positive"
"POS_221","Positive"
"POS_222","Positive"
"POS_224","Positive"
"POS_229","Positive"
"POS_233","Positive"
"POS_243","Positive"
"POS_253","Positive"
"POS_254","Positive"
"POS_263","Positive"
"POS_266","Positive"
"POS_270","Positive"
"POS_274","Positive"
"POS_275","Positive"
"POS_281","Positive"
"POS_301","Positive"
"POS_302","Positive"
"POS_305","Positive"
"POS_307","Positive"
"POS_309","Positive"
"POS_324","Positive"
"POS_325","Positive"
"POS_335","Positive"
"POS_339","Positive"
"POS_342","Positive"
"POS_348","Positive"
"POS_351","Positive"
"POS_353","Positive"
"POS_354","Positive"
"POS_373","Positive"
"POS_376","Positive"
"POS_393","Positive"
"POS_395","Positive"
"POS_407","Positive"
"POS_408","Positive"
"POS_414","Positive"
"POS_415","Positive"
"POS_416","Positive"
"POS_003","Positive"
"POS_006","Positive"
"POS_008","Positive"
"POS_012","Positive"
"POS_014","Positive"
"POS_016","Positive"
"POS_027","Positive"
"POS_037","Positive"
"POS_039","Positive"
"POS_042","Positive"
"POS_043","Positive"
"POS_044","Positive"
"POS_048","Positive"
"POS_049","Positive"
"POS_050","Positive"
"POS_051","Positive"
"POS_055","Positive"
"POS_056","Positive"
"POS_070","Positive"
"POS_073","Positive"
"POS_075","Positive"
"POS_076","Positive"
"POS_077","Positive"
"POS_079","Positive"
"POS_085","Positive"
"POS_087","Positive"
"POS_090","Positive"
"POS_092","Positive"
"POS_094","Positive"
"POS_096","Positive"
"POS_098","Positive"
"POS_100","Positive"
"POS_103","Positive"
"POS_104","Positive"
"POS_106","Positive"
"POS_111","Positive"
"POS_112","Positive"
"POS_113","Positive"
"POS_118","Positive"
"POS_122","Positive"
"POS_129","Positive"
"POS_134","Positive"
"POS_135","Positive"
"POS_139","Positive"
"POS_144","Positive"
"POS_146","Positive"
"POS_147","Positive"
"POS_152","Positive"
"POS_153","Positive"
"POS_162","Positive"
"POS_166","Positive"
"POS_167","Positive"
"POS_169","Positive"
"POS_179","Positive"
"POS_183","Positive"
"POS_184","Positive"
"POS_186","Positive"
"POS_193","Positive"
"POS_196","Positive"
"POS_197","Positive"
"POS_202","Positive"
"POS_203","Positive"
"POS_205","Positive"
"POS_214","Positive"
"POS_216","Positive"
"POS_217","Positive"
"POS_218","Positive"
"POS_219","Positive"
"POS_223","Positive"
"POS_232","Positive"
"POS_234","Positive"
"POS_238","Positive"
"POS_240","Positive"
"POS_241","Positive"
"POS_242","Positive"
"POS_244","Positive"
"POS_246","Positive"
"POS_255","Positive"
"POS_257","Positive"
"POS_259","Positive"
"POS_265","Positive"
"POS_267","Positive"
"POS_271","Positive"
"POS_273","Positive"
"POS_277","Positive"
"POS_278","Positive"
"POS_279","Positive"
"POS_286","Positive"
"POS_292","Positive"
"POS_293","Positive"
"POS_298","Positive"
"POS_308","Positive"
"POS_310","Positive"
"POS_312","Positive"
"POS_316","Positive"
"POS_326","Positive"
"POS_327","Positive"
"POS_329","Positive"
"POS_330","Positive"
"POS_331","Positive"
"POS_332","Positive"
"POS_334","Positive"
"POS_336","Positive"
"POS_349","Positive"
"POS_368","Positive"
"POS_369","Positive"
"POS_380","Positive"
"POS_383","Positive"
"POS_384","Positive"
"POS_385","Positive"
"POS_387","Positive"
"POS_390","Positive"
"POS_391","Positive"
"POS_392","Positive"
"POS_397","Positive"
"POS_399","Positive"
"POS_403","Positive"
"POS_405","Positive"
"POS_406","Positive"
"POS_409","Positive"
"POS_413","Positive"
"POS_417","Positive"
"POS_418","Positive"
"POS_419","Positive"
"POS_421","Positive"
"POS_001","Positive"
"POS_004","Positive"
"POS_005","Positive"
"POS_009","Positive"
"POS_010","Positive"
"POS_011","Positive"
"POS_017","Positive"
"POS_019","Positive"
"POS_020","Positive"
"POS_021","Positive"
"POS_023","Positive"
"POS_030","Positive"
"POS_031","Positive"
"POS_032","Positive"
"POS_033","Positive"
"POS_034","Positive"
"POS_036","Positive"
"POS_045","Positive"
"POS_047","Positive"
"POS_057","Positive"
"POS_060","Positive"
"POS_061","Positive"
"POS_063","Positive"
"POS_066","Positive"
"POS_067","Positive"
"POS_068","Positive"
"POS_071","Positive"
"POS_072","Positive"
"POS_084","Positive"
"POS_088","Positive"
"POS_099","Positive"
"POS_102","Positive"
"POS_107","Positive"
"POS_108","Positive"
"POS_116","Positive"
"POS_119","Positive"
"POS_120","Positive"
"POS_126","Positive"
"POS_141","Positive"
"POS_148","Positive"
"POS_149","Positive"
"POS_157","Positive"
"POS_163","Positive"
"POS_164","Positive"
"POS_165","Positive"
"POS_180","Positive"
"POS_189","Positive"
"POS_191","Positive"
"POS_199","Positive"
"POS_200","Positive"
"POS_201","Positive"
"POS_204","Positive"
"POS_206","Positive"
"POS_207","Positive"
"POS_209","Positive"
"POS_210","Positive"
"POS_212","Positive"
"POS_225","Positive"
"POS_226","Positive"
"POS_230","Positive"
"POS_236","Positive"
"POS_239","Positive"
"POS_245","Positive"
"POS_247","Positive"
"POS_249","Positive"
"POS_250","Positive"
"POS_256","Positive"
"POS_258","Positive"
"POS_261","Positive"
"POS_262","Positive"
"POS_264","Positive"
"POS_268","Positive"
"POS_269","Positive"
"POS_276","Positive"
"POS_280","Positive"
"POS_285","Positive"
"POS_290","Positive"
"POS_291","Positive"
"POS_299","Positive"
"POS_300","Positive"
"POS_306","Positive"
"POS_311","Positive"
"POS_313","Positive"
"POS_317","Positive"
"POS_320","Positive"
"POS_322","Positive"
"POS_333","Positive"
"POS_337","Positive"
"POS_345","Positive"
"POS_346","Positive"
"POS_352","Positive"
"POS_356","Positive"
"POS_357","Positive"
"POS_365","Positive"
"POS_371","Positive"
"POS_381","Positive"
"POS_382","Positive"
"POS_386","Positive"
"POS_388","Positive"
"POS_396","Positive"
"POS_398","Positive"
"POS_401","Positive"
"POS_404","Positive"
"POS_410","Positive"
"POS_411","Positive"
"POS_412","Positive"
"POS_420","Positive"
